
> argus@0.1.0 build
> next build


> Build error occurred
Error: ENOTEMPTY: directory not empty, rmdir '/Users/sambath/Documents/CODE/coding/MultiAIThesis/.next/standalone/node_modules/next/dist/server'
    at ignore-listed frames {
  errno: -66,
  code: 'ENOTEMPTY',
  syscall: 'rmdir',
  path: '/Users/sambath/Documents/CODE/coding/MultiAIThesis/.next/standalone/node_modules/next/dist/server'
}
